=== run metadata ===
2026-06-09T15:40:40+00:00
variant=forst-local query=q12 events=100000000 tps=10000000 maxsec=3600 run_id=bench100m-forst-local-q12-20260609b
image="Ubuntu 22.04.5 LTS" java=openjdk version "17.0.18" 2026-01-20
cpu_limit= mem_limit=
=== install matching community forstjni jar ===
40897016956c2768580dc2f384f13fddc20f07660a844c4d75598e4ea51b420f  /opt/flink/lib/forstjni-0.1.8.jar
=== install nexmark connector jar ===
-rw-r--r-- 1 root root 2.1M Jun  9 15:40 /opt/flink/lib/nexmark-flink-0.3-SNAPSHOT.jar
LD_LIBRARY_PATH=
JAVA_TOOL_OPTIONS=
=== generated flink config ===
# Generated by /bench/run-one.sh for bench100m-forst-local-q12-20260609b
# ForSt backend, local primary/checkpoint storage, JDK17.
env.java.home: /opt/java/openjdk
env.java.opts.all:  --add-exports=java.rmi/sun.rmi.registry=ALL-UNNAMED --add-exports=jdk.compiler/com.sun.tools.javac.api=ALL-UNNAMED --add-exports=jdk.compiler/com.sun.tools.javac.file=ALL-UNNAMED --add-exports=jdk.compiler/com.sun.tools.javac.parser=ALL-UNNAMED --add-exports=jdk.compiler/com.sun.tools.javac.tree=ALL-UNNAMED --add-exports=jdk.compiler/com.sun.tools.javac.util=ALL-UNNAMED --add-exports=java.security.jgss/sun.security.krb5=ALL-UNNAMED --add-opens=java.base/java.lang=ALL-UNNAMED --add-opens=java.base/java.net=ALL-UNNAMED --add-opens=java.base/java.io=ALL-UNNAMED --add-opens=java.base/java.nio=ALL-UNNAMED --add-opens=java.base/sun.nio.ch=ALL-UNNAMED --add-opens=java.base/java.lang.reflect=ALL-UNNAMED --add-opens=java.base/java.text=ALL-UNNAMED --add-opens=java.base/java.time=ALL-UNNAMED --add-opens=java.base/java.util=ALL-UNNAMED --add-opens=java.base/java.util.concurrent=ALL-UNNAMED --add-opens=java.base/java.util.concurrent.atomic=ALL-UNNAMED --add-opens=java.base/java.util.concurrent.locks=ALL-UNNAMED -Djava.io.tmpdir=/bench/tmp/bench100m-forst-local-q12-20260609b/java

jobmanager:
  bind-host: localhost
  rpc:
    address: localhost
    port: 6123
  memory:
    process:
      size: 2048m
  execution:
    failover-strategy: region

taskmanager:
  bind-host: localhost
  host: localhost
  numberOfTaskSlots: 8
  memory:
    process:
      size: 32768m

parallelism:
  default: 8

state:
  backend:
    type: forst
    forst:
      primary-dir: file:///bench/state/bench100m-forst-local-q12-20260609b/primary
      cache:
        size-based-limit: 8gb
  checkpoints:
    dir: file:///bench/state/bench100m-forst-local-q12-20260609b/checkpoints

execution:
  checkpointing:
    interval: 30 s
    mode: EXACTLY_ONCE
    tolerable-failed-checkpoints: 1000

table:
  exec:
    mini-batch:
      enabled: false
    async-state:
      enabled: true
    state:
      ttl: 0 ms

rest:
  port: 8081
  bind-port: 8081
  address: localhost
  bind-address: localhost

io:
  tmp:
    dirs: /bench/tmp/bench100m-forst-local-q12-20260609b/io
=== install sql-client gateway wrapper ===
=== start measure-sql ===
bench done mode: DONE_ON_SRC=1 EXPECTED_SRC=92000000 POLL_SEC=5
cluster up (tms=1) + gateway, building SQL for q12 (forst-local)...
submitting via sql-client embedded...
submitted JID=086324e600c85e10e589b868aadfdadd, polling JM until FINISHED...
[0 s] RUNNING dur_ms=1241 src_out=0 rate=/s
[5 s] RUNNING dur_ms=6537 src_out=0 rate=0/s
[10 s] RUNNING dur_ms=11738 src_out=0 rate=0/s
[15 s] RUNNING dur_ms=16973 src_out=4048395 rate=809679/s
[21 s] RUNNING dur_ms=22185 src_out=4048395 rate=0/s
[26 s] RUNNING dur_ms=27454 src_out=13054850 rate=1801291/s
[31 s] RUNNING dur_ms=32750 src_out=13054850 rate=0/s
[36 s] RUNNING dur_ms=37962 src_out=22395452 rate=1868120/s
[42 s] RUNNING dur_ms=43276 src_out=22395452 rate=0/s
[47 s] RUNNING dur_ms=48545 src_out=32259505 rate=1972810/s
[52 s] RUNNING dur_ms=53846 src_out=32259505 rate=0/s
[57 s] RUNNING dur_ms=59051 src_out=41741417 rate=1896382/s
[63 s] RUNNING dur_ms=64232 src_out=41741417 rate=0/s
[68 s] RUNNING dur_ms=69402 src_out=51492322 rate=1950181/s
[73 s] RUNNING dur_ms=74597 src_out=51492322 rate=0/s
[78 s] RUNNING dur_ms=79831 src_out=61499682 rate=2001472/s
[83 s] RUNNING dur_ms=85007 src_out=61499682 rate=0/s
[89 s] RUNNING dur_ms=90202 src_out=71076040 rate=1596059/s
[94 s] RUNNING dur_ms=95397 src_out=71076040 rate=0/s
[99 s] RUNNING dur_ms=100589 src_out=81078343 rate=2000460/s
[104 s] RUNNING dur_ms=105780 src_out=81078343 rate=0/s
[109 s] RUNNING dur_ms=110974 src_out=90960511 rate=1976433/s
[114 s] RUNNING dur_ms=116105 src_out=90960511 rate=0/s
[120 s] RUNNING dur_ms=121232 src_out=92000000 rate=173248/s
RESULT: q12 SOURCE_DONE wall_ms=121232 (=121.2s) src_out=92000000 expected_src=92000000 out_rows=92000000
=== loaded native libraries ===
--- pid=2416 cmd=/opt/java/openjdk/bin/java -Xmx1530082096 -Xms1530082096 -XX:MaxMetaspaceSize=268435456 -XX:+IgnoreUnrecognizedVMOptions --add-exports=java.rmi/sun.rmi.registry=ALL-UNNAMED --add-exports=jdk.compiler/com.sun.tools.javac.
--- pid=2926 cmd=/opt/java/openjdk/bin/java -Xmx16374562570 -Xms16374562570 -XX:MaxDirectMemorySize=3435973886 -XX:MaxMetaspaceSize=268435456 -XX:+IgnoreUnrecognizedVMOptions --add-exports=java.rmi/sun.rmi.registry=ALL-UNNAMED --add-expo
7f9abb200000-7f9abbbb2000 r-xp 00000000 103:0b 96863484                  /bench/tmp/bench100m-forst-local-q12-20260609b/io/tm_localhost:14747-d7811d/tmp/rocksdb-lib-48d3df9232b69706c4080e2e4bcea23a/libforstjni-linux64.so
7f9abbbb2000-7f9abbdb2000 ---p 009b2000 103:0b 96863484                  /bench/tmp/bench100m-forst-local-q12-20260609b/io/tm_localhost:14747-d7811d/tmp/rocksdb-lib-48d3df9232b69706c4080e2e4bcea23a/libforstjni-linux64.so
7f9abbdb2000-7f9abbdf2000 r--p 009b2000 103:0b 96863484                  /bench/tmp/bench100m-forst-local-q12-20260609b/io/tm_localhost:14747-d7811d/tmp/rocksdb-lib-48d3df9232b69706c4080e2e4bcea23a/libforstjni-linux64.so
7f9abbdf2000-7f9abbdf4000 rw-p 009f2000 103:0b 96863484                  /bench/tmp/bench100m-forst-local-q12-20260609b/io/tm_localhost:14747-d7811d/tmp/rocksdb-lib-48d3df9232b69706c4080e2e4bcea23a/libforstjni-linux64.so
--- pid=3485 cmd=/opt/java/openjdk/bin/java -XX:+IgnoreUnrecognizedVMOptions --add-exports=java.rmi/sun.rmi.registry=ALL-UNNAMED --add-exports=jdk.compiler/com.sun.tools.javac.api=ALL-UNNAMED --add-exports=jdk.compiler/com.sun.tools.java
=== stop flink daemons ===
=== disk usage ===
364K	/bench/state/bench100m-forst-local-q12-20260609b
916K	/bench/logs/bench100m-forst-local-q12-20260609b
run_id=bench100m-forst-local-q12-20260609b result_log=/bench/results/bench100m-forst-local-q12-20260609b.log
