=== run metadata ===
2026-06-09T15:32:55+00:00
variant=forst-rs-lib query=q12 events=100000000 tps=10000000 maxsec=3600 run_id=bench100m-forst-rs-lib-q12-20260609a
image="Ubuntu 22.04.5 LTS" java=openjdk version "17.0.18" 2026-01-20
cpu_limit= mem_limit=
=== install matching community forstjni jar ===
40897016956c2768580dc2f384f13fddc20f07660a844c4d75598e4ea51b420f  /opt/flink/lib/forstjni-0.1.8.jar
=== install nexmark connector jar ===
-rw-r--r-- 1 root root 2.1M Jun  9 15:32 /opt/flink/lib/nexmark-flink-0.3-SNAPSHOT.jar
LD_LIBRARY_PATH=/bench/native
JAVA_TOOL_OPTIONS=-Djava.library.path=/bench/native
forst-rs compat lib sha256=9e843fd870cac992c838ee60c8c319c89547ca7c332c4abb9be42e0c6b7ff476
/bench/run-one.sh: line 73: nm: command not found
=== generated flink config ===
# Generated by /bench/run-one.sh for bench100m-forst-rs-lib-q12-20260609a
# ForSt backend, local primary/checkpoint storage, JDK17.
env.java.home: /opt/java/openjdk
env.java.opts.all: -Djava.library.path=/bench/native --add-exports=java.rmi/sun.rmi.registry=ALL-UNNAMED --add-exports=jdk.compiler/com.sun.tools.javac.api=ALL-UNNAMED --add-exports=jdk.compiler/com.sun.tools.javac.file=ALL-UNNAMED --add-exports=jdk.compiler/com.sun.tools.javac.parser=ALL-UNNAMED --add-exports=jdk.compiler/com.sun.tools.javac.tree=ALL-UNNAMED --add-exports=jdk.compiler/com.sun.tools.javac.util=ALL-UNNAMED --add-exports=java.security.jgss/sun.security.krb5=ALL-UNNAMED --add-opens=java.base/java.lang=ALL-UNNAMED --add-opens=java.base/java.net=ALL-UNNAMED --add-opens=java.base/java.io=ALL-UNNAMED --add-opens=java.base/java.nio=ALL-UNNAMED --add-opens=java.base/sun.nio.ch=ALL-UNNAMED --add-opens=java.base/java.lang.reflect=ALL-UNNAMED --add-opens=java.base/java.text=ALL-UNNAMED --add-opens=java.base/java.time=ALL-UNNAMED --add-opens=java.base/java.util=ALL-UNNAMED --add-opens=java.base/java.util.concurrent=ALL-UNNAMED --add-opens=java.base/java.util.concurrent.atomic=ALL-UNNAMED --add-opens=java.base/java.util.concurrent.locks=ALL-UNNAMED -Djava.io.tmpdir=/bench/tmp/bench100m-forst-rs-lib-q12-20260609a/java

jobmanager:
  bind-host: localhost
  rpc:
    address: localhost
    port: 6123
  memory:
    process:
      size: 2048m
  execution:
    failover-strategy: region

taskmanager:
  bind-host: localhost
  host: localhost
  numberOfTaskSlots: 8
  memory:
    process:
      size: 32768m

parallelism:
  default: 8

state:
  backend:
    type: forst
    forst:
      primary-dir: file:///bench/state/bench100m-forst-rs-lib-q12-20260609a/primary
      cache:
        size-based-limit: 8gb
  checkpoints:
    dir: file:///bench/state/bench100m-forst-rs-lib-q12-20260609a/checkpoints

execution:
  checkpointing:
    interval: 30 s
    mode: EXACTLY_ONCE
    tolerable-failed-checkpoints: 1000

table:
  exec:
    mini-batch:
      enabled: false
    async-state:
      enabled: true
    state:
      ttl: 0 ms

rest:
  port: 8081
  bind-port: 8081
  address: localhost
  bind-address: localhost

io:
  tmp:
    dirs: /bench/tmp/bench100m-forst-rs-lib-q12-20260609a/io
=== install sql-client gateway wrapper ===
=== start measure-sql ===
bench done mode: DONE_ON_SRC=1 EXPECTED_SRC=92000000 POLL_SEC=5
cluster up (tms=1) + gateway, building SQL for q12 (forst-local)...
submitting via sql-client embedded...
submitted JID=46f075b92faaa3bc5cdff1854c685b3f, polling JM until FINISHED...
[0 s] RUNNING dur_ms=2230 src_out=0 rate=/s
[6 s] RUNNING dur_ms=7650 src_out=17047 rate=2841/s
[11 s] RUNNING dur_ms=12923 src_out=17047 rate=0/s
[16 s] RUNNING dur_ms=18167 src_out=6925041 rate=1381598/s
[22 s] RUNNING dur_ms=23364 src_out=6925041 rate=0/s
[27 s] RUNNING dur_ms=28602 src_out=14011300 rate=1417251/s
[32 s] RUNNING dur_ms=33766 src_out=14011300 rate=0/s
[37 s] RUNNING dur_ms=38974 src_out=23081424 rate=1814024/s
[42 s] RUNNING dur_ms=44160 src_out=23081424 rate=0/s
[48 s] RUNNING dur_ms=49422 src_out=32455557 rate=1562355/s
[53 s] RUNNING dur_ms=54763 src_out=32455557 rate=0/s
[58 s] RUNNING dur_ms=59961 src_out=41489961 rate=1806880/s
[63 s] RUNNING dur_ms=65152 src_out=41489961 rate=0/s
[69 s] RUNNING dur_ms=70350 src_out=50672648 rate=1530447/s
[74 s] RUNNING dur_ms=75540 src_out=50672648 rate=0/s
[79 s] RUNNING dur_ms=80744 src_out=59941924 rate=1853855/s
[84 s] RUNNING dur_ms=85952 src_out=59941924 rate=0/s
[89 s] RUNNING dur_ms=91148 src_out=68898573 rate=1791329/s
[95 s] RUNNING dur_ms=96516 src_out=68898573 rate=0/s
[100 s] RUNNING dur_ms=101713 src_out=78484107 rate=1917106/s
[105 s] RUNNING dur_ms=107017 src_out=78484107 rate=0/s
[110 s] RUNNING dur_ms=112215 src_out=88005862 rate=1904351/s
[116 s] RUNNING dur_ms=117347 src_out=88005862 rate=0/s
[121 s] RUNNING dur_ms=122476 src_out=92000000 rate=798827/s
RESULT: q12 SOURCE_DONE wall_ms=122476 (=122.5s) src_out=92000000 expected_src=92000000 out_rows=92000000
=== loaded native libraries ===
--- pid=2418 cmd=/opt/java/openjdk/bin/java -Xmx1530082096 -Xms1530082096 -XX:MaxMetaspaceSize=268435456 -XX:+IgnoreUnrecognizedVMOptions -Djava.library.path=/bench/native --add-exports=java.rmi/sun.rmi.registry=ALL-UNNAMED --add-exports
--- pid=2928 cmd=/opt/java/openjdk/bin/java -Xmx16374562570 -Xms16374562570 -XX:MaxDirectMemorySize=3435973886 -XX:MaxMetaspaceSize=268435456 -XX:+IgnoreUnrecognizedVMOptions -Djava.library.path=/bench/native --add-exports=java.rmi/sun.r
7efe26000000-7efe269e3000 r-xp 00000000 103:0b 31990199                  /bench/native/libforstjni.so
7efe269e3000-7efe26be2000 ---p 009e3000 103:0b 31990199                  /bench/native/libforstjni.so
7efe26be2000-7efe26c23000 r--p 009e2000 103:0b 31990199                  /bench/native/libforstjni.so
7efe26c23000-7efe26c25000 rw-p 00a23000 103:0b 31990199                  /bench/native/libforstjni.so
--- pid=3488 cmd=/opt/java/openjdk/bin/java -XX:+IgnoreUnrecognizedVMOptions -Djava.library.path=/bench/native --add-exports=java.rmi/sun.rmi.registry=ALL-UNNAMED --add-exports=jdk.compiler/com.sun.tools.javac.api=ALL-UNNAMED --add-expor
=== stop flink daemons ===
=== disk usage ===
5.1M	/bench/state/bench100m-forst-rs-lib-q12-20260609a
924K	/bench/logs/bench100m-forst-rs-lib-q12-20260609a
run_id=bench100m-forst-rs-lib-q12-20260609a result_log=/bench/results/bench100m-forst-rs-lib-q12-20260609a.log
