=== run metadata ===
2026-06-09T15:37:01+00:00
variant=forst-rs-lib query=q12 events=100000000 tps=10000000 maxsec=3600 run_id=bench100m-forst-rs-lib-q12-20260609b
image="Ubuntu 22.04.5 LTS" java=openjdk version "17.0.18" 2026-01-20
cpu_limit= mem_limit=
=== install matching community forstjni jar ===
40897016956c2768580dc2f384f13fddc20f07660a844c4d75598e4ea51b420f  /opt/flink/lib/forstjni-0.1.8.jar
=== install nexmark connector jar ===
-rw-r--r-- 1 root root 2.1M Jun  9 15:37 /opt/flink/lib/nexmark-flink-0.3-SNAPSHOT.jar
LD_LIBRARY_PATH=/bench/native
JAVA_TOOL_OPTIONS=-Djava.library.path=/bench/native
forst-rs compat lib sha256=9e843fd870cac992c838ee60c8c319c89547ca7c332c4abb9be42e0c6b7ff476
/bench/run-one.sh: line 73: nm: command not found
=== generated flink config ===
# Generated by /bench/run-one.sh for bench100m-forst-rs-lib-q12-20260609b
# ForSt backend, local primary/checkpoint storage, JDK17.
env.java.home: /opt/java/openjdk
env.java.opts.all: -Djava.library.path=/bench/native --add-exports=java.rmi/sun.rmi.registry=ALL-UNNAMED --add-exports=jdk.compiler/com.sun.tools.javac.api=ALL-UNNAMED --add-exports=jdk.compiler/com.sun.tools.javac.file=ALL-UNNAMED --add-exports=jdk.compiler/com.sun.tools.javac.parser=ALL-UNNAMED --add-exports=jdk.compiler/com.sun.tools.javac.tree=ALL-UNNAMED --add-exports=jdk.compiler/com.sun.tools.javac.util=ALL-UNNAMED --add-exports=java.security.jgss/sun.security.krb5=ALL-UNNAMED --add-opens=java.base/java.lang=ALL-UNNAMED --add-opens=java.base/java.net=ALL-UNNAMED --add-opens=java.base/java.io=ALL-UNNAMED --add-opens=java.base/java.nio=ALL-UNNAMED --add-opens=java.base/sun.nio.ch=ALL-UNNAMED --add-opens=java.base/java.lang.reflect=ALL-UNNAMED --add-opens=java.base/java.text=ALL-UNNAMED --add-opens=java.base/java.time=ALL-UNNAMED --add-opens=java.base/java.util=ALL-UNNAMED --add-opens=java.base/java.util.concurrent=ALL-UNNAMED --add-opens=java.base/java.util.concurrent.atomic=ALL-UNNAMED --add-opens=java.base/java.util.concurrent.locks=ALL-UNNAMED -Djava.io.tmpdir=/bench/tmp/bench100m-forst-rs-lib-q12-20260609b/java

jobmanager:
  bind-host: localhost
  rpc:
    address: localhost
    port: 6123
  memory:
    process:
      size: 2048m
  execution:
    failover-strategy: region

taskmanager:
  bind-host: localhost
  host: localhost
  numberOfTaskSlots: 8
  memory:
    process:
      size: 32768m

parallelism:
  default: 8

state:
  backend:
    type: forst
    forst:
      primary-dir: file:///bench/state/bench100m-forst-rs-lib-q12-20260609b/primary
      cache:
        size-based-limit: 8gb
  checkpoints:
    dir: file:///bench/state/bench100m-forst-rs-lib-q12-20260609b/checkpoints

execution:
  checkpointing:
    interval: 30 s
    mode: EXACTLY_ONCE
    tolerable-failed-checkpoints: 1000

table:
  exec:
    mini-batch:
      enabled: false
    async-state:
      enabled: true
    state:
      ttl: 0 ms

rest:
  port: 8081
  bind-port: 8081
  address: localhost
  bind-address: localhost

io:
  tmp:
    dirs: /bench/tmp/bench100m-forst-rs-lib-q12-20260609b/io
=== install sql-client gateway wrapper ===
=== start measure-sql ===
bench done mode: DONE_ON_SRC=1 EXPECTED_SRC=92000000 POLL_SEC=5
cluster up (tms=1) + gateway, building SQL for q12 (forst-local)...
submitting via sql-client embedded...
submitted JID=b2cc326f72654fe17e962f819a21a7b2, polling JM until FINISHED...
[0 s] RUNNING dur_ms=1251 src_out=0 rate=/s
[5 s] RUNNING dur_ms=6541 src_out=0 rate=0/s
[10 s] RUNNING dur_ms=11773 src_out=0 rate=0/s
[16 s] RUNNING dur_ms=17040 src_out=4880268 rate=813378/s
[21 s] RUNNING dur_ms=22349 src_out=4880268 rate=0/s
[26 s] RUNNING dur_ms=27575 src_out=12950461 rate=1614038/s
[31 s] RUNNING dur_ms=32832 src_out=12950461 rate=0/s
[37 s] RUNNING dur_ms=38096 src_out=21388682 rate=1406370/s
[42 s] RUNNING dur_ms=43348 src_out=21388682 rate=0/s
[47 s] RUNNING dur_ms=48568 src_out=31585537 rate=2039371/s
[52 s] RUNNING dur_ms=53755 src_out=31585537 rate=0/s
[58 s] RUNNING dur_ms=58961 src_out=41180154 rate=1599102/s
[63 s] RUNNING dur_ms=64154 src_out=41180154 rate=0/s
[68 s] RUNNING dur_ms=69358 src_out=50324684 rate=1828906/s
[73 s] RUNNING dur_ms=74556 src_out=50324684 rate=0/s
[78 s] RUNNING dur_ms=79760 src_out=60816519 rate=2098367/s
[84 s] RUNNING dur_ms=84945 src_out=60816519 rate=0/s
[89 s] RUNNING dur_ms=90147 src_out=70916428 rate=2019981/s
[94 s] RUNNING dur_ms=95333 src_out=70916428 rate=0/s
[99 s] RUNNING dur_ms=100530 src_out=80262267 rate=1869167/s
[104 s] RUNNING dur_ms=105690 src_out=80262267 rate=0/s
[110 s] RUNNING dur_ms=110885 src_out=90750449 rate=1748030/s
[115 s] RUNNING dur_ms=116018 src_out=90750449 rate=0/s
[120 s] RUNNING dur_ms=121150 src_out=92000000 rate=249910/s
RESULT: q12 SOURCE_DONE wall_ms=121150 (=121.2s) src_out=92000000 expected_src=92000000 out_rows=92000000
=== loaded native libraries ===
--- pid=2418 cmd=/opt/java/openjdk/bin/java -Xmx1530082096 -Xms1530082096 -XX:MaxMetaspaceSize=268435456 -XX:+IgnoreUnrecognizedVMOptions -Djava.library.path=/bench/native --add-exports=java.rmi/sun.rmi.registry=ALL-UNNAMED --add-exports
--- pid=2929 cmd=/opt/java/openjdk/bin/java -Xmx16374562570 -Xms16374562570 -XX:MaxDirectMemorySize=3435973886 -XX:MaxMetaspaceSize=268435456 -XX:+IgnoreUnrecognizedVMOptions -Djava.library.path=/bench/native --add-exports=java.rmi/sun.r
7fa191c00000-7fa1925e3000 r-xp 00000000 103:0b 31990199                  /bench/native/libforstjni.so
7fa1925e3000-7fa1927e2000 ---p 009e3000 103:0b 31990199                  /bench/native/libforstjni.so
7fa1927e2000-7fa192823000 r--p 009e2000 103:0b 31990199                  /bench/native/libforstjni.so
7fa192823000-7fa192825000 rw-p 00a23000 103:0b 31990199                  /bench/native/libforstjni.so
--- pid=3488 cmd=/opt/java/openjdk/bin/java -XX:+IgnoreUnrecognizedVMOptions -Djava.library.path=/bench/native --add-exports=java.rmi/sun.rmi.registry=ALL-UNNAMED --add-exports=jdk.compiler/com.sun.tools.javac.api=ALL-UNNAMED --add-expor
=== stop flink daemons ===
=== disk usage ===
56M	/bench/state/bench100m-forst-rs-lib-q12-20260609b
924K	/bench/logs/bench100m-forst-rs-lib-q12-20260609b
run_id=bench100m-forst-rs-lib-q12-20260609b result_log=/bench/results/bench100m-forst-rs-lib-q12-20260609b.log
