=== run metadata ===
2026-06-09T15:29:10+00:00
variant=forst-local query=q12 events=100000000 tps=10000000 maxsec=3600 run_id=bench100m-forst-local-q12-20260609a
image="Ubuntu 22.04.5 LTS" java=openjdk version "17.0.18" 2026-01-20
cpu_limit= mem_limit=
=== install matching community forstjni jar ===
40897016956c2768580dc2f384f13fddc20f07660a844c4d75598e4ea51b420f  /opt/flink/lib/forstjni-0.1.8.jar
=== install nexmark connector jar ===
-rw-r--r-- 1 root root 2.1M Jun  9 15:29 /opt/flink/lib/nexmark-flink-0.3-SNAPSHOT.jar
LD_LIBRARY_PATH=
JAVA_TOOL_OPTIONS=
=== generated flink config ===
# Generated by /bench/run-one.sh for bench100m-forst-local-q12-20260609a
# ForSt backend, local primary/checkpoint storage, JDK17.
env.java.home: /opt/java/openjdk
env.java.opts.all:  --add-exports=java.rmi/sun.rmi.registry=ALL-UNNAMED --add-exports=jdk.compiler/com.sun.tools.javac.api=ALL-UNNAMED --add-exports=jdk.compiler/com.sun.tools.javac.file=ALL-UNNAMED --add-exports=jdk.compiler/com.sun.tools.javac.parser=ALL-UNNAMED --add-exports=jdk.compiler/com.sun.tools.javac.tree=ALL-UNNAMED --add-exports=jdk.compiler/com.sun.tools.javac.util=ALL-UNNAMED --add-exports=java.security.jgss/sun.security.krb5=ALL-UNNAMED --add-opens=java.base/java.lang=ALL-UNNAMED --add-opens=java.base/java.net=ALL-UNNAMED --add-opens=java.base/java.io=ALL-UNNAMED --add-opens=java.base/java.nio=ALL-UNNAMED --add-opens=java.base/sun.nio.ch=ALL-UNNAMED --add-opens=java.base/java.lang.reflect=ALL-UNNAMED --add-opens=java.base/java.text=ALL-UNNAMED --add-opens=java.base/java.time=ALL-UNNAMED --add-opens=java.base/java.util=ALL-UNNAMED --add-opens=java.base/java.util.concurrent=ALL-UNNAMED --add-opens=java.base/java.util.concurrent.atomic=ALL-UNNAMED --add-opens=java.base/java.util.concurrent.locks=ALL-UNNAMED -Djava.io.tmpdir=/bench/tmp/bench100m-forst-local-q12-20260609a/java

jobmanager:
  bind-host: localhost
  rpc:
    address: localhost
    port: 6123
  memory:
    process:
      size: 2048m
  execution:
    failover-strategy: region

taskmanager:
  bind-host: localhost
  host: localhost
  numberOfTaskSlots: 8
  memory:
    process:
      size: 32768m

parallelism:
  default: 8

state:
  backend:
    type: forst
    forst:
      primary-dir: file:///bench/state/bench100m-forst-local-q12-20260609a/primary
      cache:
        size-based-limit: 8gb
  checkpoints:
    dir: file:///bench/state/bench100m-forst-local-q12-20260609a/checkpoints

execution:
  checkpointing:
    interval: 30 s
    mode: EXACTLY_ONCE
    tolerable-failed-checkpoints: 1000

table:
  exec:
    mini-batch:
      enabled: false
    async-state:
      enabled: true
    state:
      ttl: 0 ms

rest:
  port: 8081
  bind-port: 8081
  address: localhost
  bind-address: localhost

io:
  tmp:
    dirs: /bench/tmp/bench100m-forst-local-q12-20260609a/io
=== install sql-client gateway wrapper ===
=== start measure-sql ===
bench done mode: DONE_ON_SRC=1 EXPECTED_SRC=92000000 POLL_SEC=5
cluster up (tms=1) + gateway, building SQL for q12 (forst-local)...
submitting via sql-client embedded...
submitted JID=174a447bd77e92f51eb83edff3f3327c, polling JM until FINISHED...
[0 s] RUNNING dur_ms=1202 src_out=0 rate=/s
[6 s] RUNNING dur_ms=6576 src_out=0 rate=0/s
[11 s] RUNNING dur_ms=11970 src_out=0 rate=0/s
[16 s] RUNNING dur_ms=17261 src_out=4580456 rate=916091/s
[22 s] RUNNING dur_ms=22515 src_out=4580456 rate=0/s
[27 s] RUNNING dur_ms=27728 src_out=13530160 rate=1789940/s
[32 s] RUNNING dur_ms=32923 src_out=13530160 rate=0/s
[37 s] RUNNING dur_ms=38180 src_out=20368224 rate=1367612/s
[43 s] RUNNING dur_ms=43599 src_out=20368224 rate=0/s
[48 s] RUNNING dur_ms=48809 src_out=29205589 rate=1767473/s
[53 s] RUNNING dur_ms=54002 src_out=29205589 rate=0/s
[58 s] RUNNING dur_ms=59202 src_out=39011352 rate=1961152/s
[63 s] RUNNING dur_ms=64395 src_out=39011352 rate=0/s
[69 s] RUNNING dur_ms=69590 src_out=47968774 rate=1492903/s
[74 s] RUNNING dur_ms=74779 src_out=47968774 rate=0/s
[79 s] RUNNING dur_ms=79978 src_out=56426264 rate=1691498/s
[84 s] RUNNING dur_ms=85141 src_out=56426264 rate=0/s
[89 s] RUNNING dur_ms=90330 src_out=66374001 rate=1989547/s
[95 s] RUNNING dur_ms=95512 src_out=66374001 rate=0/s
[100 s] RUNNING dur_ms=100703 src_out=75558594 rate=1836918/s
[105 s] RUNNING dur_ms=105894 src_out=75558594 rate=0/s
[110 s] RUNNING dur_ms=111090 src_out=83664022 rate=1621085/s
[115 s] RUNNING dur_ms=116245 src_out=83664022 rate=0/s
[121 s] RUNNING dur_ms=121499 src_out=91999993 rate=1389328/s
[126 s] RUNNING dur_ms=126628 src_out=91999993 rate=0/s
[131 s] RUNNING dur_ms=131755 src_out=92000000 rate=1/s
RESULT: q12 SOURCE_DONE wall_ms=131755 (=131.8s) src_out=92000000 expected_src=92000000 out_rows=92000000
=== loaded native libraries ===
--- pid=2413 cmd=/opt/java/openjdk/bin/java -Xmx1530082096 -Xms1530082096 -XX:MaxMetaspaceSize=268435456 -XX:+IgnoreUnrecognizedVMOptions --add-exports=java.rmi/sun.rmi.registry=ALL-UNNAMED --add-exports=jdk.compiler/com.sun.tools.javac.
--- pid=2923 cmd=/opt/java/openjdk/bin/java -Xmx16374562570 -Xms16374562570 -XX:MaxDirectMemorySize=3435973886 -XX:MaxMetaspaceSize=268435456 -XX:+IgnoreUnrecognizedVMOptions --add-exports=java.rmi/sun.rmi.registry=ALL-UNNAMED --add-expo
7f3678c00000-7f36795b2000 r-xp 00000000 103:0b 96732355                  /bench/tmp/bench100m-forst-local-q12-20260609a/io/tm_localhost:32341-89c9aa/tmp/rocksdb-lib-5040e5b0784b7117dac06a29b303a284/libforstjni-linux64.so
7f36795b2000-7f36797b2000 ---p 009b2000 103:0b 96732355                  /bench/tmp/bench100m-forst-local-q12-20260609a/io/tm_localhost:32341-89c9aa/tmp/rocksdb-lib-5040e5b0784b7117dac06a29b303a284/libforstjni-linux64.so
7f36797b2000-7f36797f2000 r--p 009b2000 103:0b 96732355                  /bench/tmp/bench100m-forst-local-q12-20260609a/io/tm_localhost:32341-89c9aa/tmp/rocksdb-lib-5040e5b0784b7117dac06a29b303a284/libforstjni-linux64.so
7f36797f2000-7f36797f4000 rw-p 009f2000 103:0b 96732355                  /bench/tmp/bench100m-forst-local-q12-20260609a/io/tm_localhost:32341-89c9aa/tmp/rocksdb-lib-5040e5b0784b7117dac06a29b303a284/libforstjni-linux64.so
--- pid=3481 cmd=/opt/java/openjdk/bin/java -XX:+IgnoreUnrecognizedVMOptions --add-exports=java.rmi/sun.rmi.registry=ALL-UNNAMED --add-exports=jdk.compiler/com.sun.tools.javac.api=ALL-UNNAMED --add-exports=jdk.compiler/com.sun.tools.java
=== stop flink daemons ===
=== disk usage ===
56M	/bench/state/bench100m-forst-local-q12-20260609a
916K	/bench/logs/bench100m-forst-local-q12-20260609a
run_id=bench100m-forst-local-q12-20260609a result_log=/bench/results/bench100m-forst-local-q12-20260609a.log
