=== run metadata ===
2026-06-09T14:37:37+00:00
variant=forst-local query=q4 events=10000 tps=100000 maxsec=600 run_id=smoke-forst-local-q4c
image="Ubuntu 22.04.5 LTS" java=openjdk version "17.0.18" 2026-01-20
cpu_limit= mem_limit=
LD_LIBRARY_PATH=
JAVA_TOOL_OPTIONS=
=== generated flink config ===
# Generated by /bench/run-one.sh for smoke-forst-local-q4c
# ForSt backend, local primary/checkpoint storage, JDK17.
env.java.home: /opt/java/openjdk
env.java.opts.all:  --add-exports=java.rmi/sun.rmi.registry=ALL-UNNAMED --add-exports=jdk.compiler/com.sun.tools.javac.api=ALL-UNNAMED --add-exports=jdk.compiler/com.sun.tools.javac.file=ALL-UNNAMED --add-exports=jdk.compiler/com.sun.tools.javac.parser=ALL-UNNAMED --add-exports=jdk.compiler/com.sun.tools.javac.tree=ALL-UNNAMED --add-exports=jdk.compiler/com.sun.tools.javac.util=ALL-UNNAMED --add-exports=java.security.jgss/sun.security.krb5=ALL-UNNAMED --add-opens=java.base/java.lang=ALL-UNNAMED --add-opens=java.base/java.net=ALL-UNNAMED --add-opens=java.base/java.io=ALL-UNNAMED --add-opens=java.base/java.nio=ALL-UNNAMED --add-opens=java.base/sun.nio.ch=ALL-UNNAMED --add-opens=java.base/java.lang.reflect=ALL-UNNAMED --add-opens=java.base/java.text=ALL-UNNAMED --add-opens=java.base/java.time=ALL-UNNAMED --add-opens=java.base/java.util=ALL-UNNAMED --add-opens=java.base/java.util.concurrent=ALL-UNNAMED --add-opens=java.base/java.util.concurrent.atomic=ALL-UNNAMED --add-opens=java.base/java.util.concurrent.locks=ALL-UNNAMED -Djava.io.tmpdir=/bench/tmp/smoke-forst-local-q4c/java

jobmanager:
  bind-host: localhost
  rpc:
    address: localhost
    port: 6123
  memory:
    process:
      size: 2048m
  execution:
    failover-strategy: region

taskmanager:
  bind-host: localhost
  host: localhost
  numberOfTaskSlots: 8
  memory:
    process:
      size: 32768m

parallelism:
  default: 8

state:
  backend:
    type: forst
    forst:
      primary-dir: file:///bench/state/smoke-forst-local-q4c/primary
      cache:
        size-based-limit: 8gb
  checkpoints:
    dir: file:///bench/state/smoke-forst-local-q4c/checkpoints

execution:
  checkpointing:
    interval: 30 s
    mode: EXACTLY_ONCE
    tolerable-failed-checkpoints: 1000

table:
  exec:
    mini-batch:
      enabled: false
    async-state:
      enabled: true
    state:
      ttl: 0 ms

rest:
  port: 8081
  bind-port: 8081
  address: localhost
  bind-address: localhost

io:
  tmp:
    dirs: /bench/tmp/smoke-forst-local-q4c/io
=== install sql-client gateway wrapper ===
=== start measure-sql ===
cluster up (tms=1) + gateway, building SQL for q4 (forst-local)...
submitting via sql-client embedded...
FAILED to submit: no Job ID. Client output (masked):
> ) WITH (
>     'connector' = 'kafka',
>     'topic' = 'nexmark',
>     'properties.bootstrap.servers' = '',
>     'properties.group.id' = 'nexmark',
>     'scan.startup.mode' = 'earliest-offset',
>     'sink.partitioner' = 'round-robin',
>     'format' = 'json'
> )[34;1m[INFO] Execute statement succeeded.[0m

Flink SQL> [31;1m[ERROR] Could not execute SQL statement. Reason:
org.apache.flink.table.api.ValidationException: Could not find any factory for identifier 'nexmark' that implements 'org.apache.flink.table.factories.DynamicTableFactory' in the classpath.

Available factory identifiers are:

blackhole
datagen
filesystem
legacy-csv
print
python-arrow-source
python-input-format[0m

Shutting down the session...
done.
=== loaded native libraries ===
--- pid=2405 cmd=/opt/java/openjdk/bin/java -Xmx1530082096 -Xms1530082096 -XX:MaxMetaspaceSize=268435456 -XX:+IgnoreUnrecognizedVMOptions --add-exports=java.rmi/sun.rmi.registry=ALL-UNNAMED --add-exports=jdk.compiler/com.sun.tools.javac.
--- pid=2916 cmd=/opt/java/openjdk/bin/java -Xmx16374562570 -Xms16374562570 -XX:MaxDirectMemorySize=3435973886 -XX:MaxMetaspaceSize=268435456 -XX:+IgnoreUnrecognizedVMOptions --add-exports=java.rmi/sun.rmi.registry=ALL-UNNAMED --add-expo
--- pid=3476 cmd=/opt/java/openjdk/bin/java -XX:+IgnoreUnrecognizedVMOptions --add-exports=java.rmi/sun.rmi.registry=ALL-UNNAMED --add-exports=jdk.compiler/com.sun.tools.javac.api=ALL-UNNAMED --add-exports=jdk.compiler/com.sun.tools.java
=== stop flink daemons ===
=== disk usage ===
12K	/bench/state/smoke-forst-local-q4c
320K	/bench/logs/smoke-forst-local-q4c
run_id=smoke-forst-local-q4c result_log=/bench/results/smoke-forst-local-q4c.log
