=== run metadata ===
2026-06-09T15:25:40+00:00
variant=forst-local query=q12 events=10000 tps=100000 maxsec=240 run_id=smoke-source-forst-local-q12
image="Ubuntu 22.04.5 LTS" java=openjdk version "17.0.18" 2026-01-20
cpu_limit= mem_limit=
=== install matching community forstjni jar ===
40897016956c2768580dc2f384f13fddc20f07660a844c4d75598e4ea51b420f  /opt/flink/lib/forstjni-0.1.8.jar
=== install nexmark connector jar ===
-rw-r--r-- 1 root root 2.1M Jun  9 15:25 /opt/flink/lib/nexmark-flink-0.3-SNAPSHOT.jar
LD_LIBRARY_PATH=
JAVA_TOOL_OPTIONS=
=== generated flink config ===
# Generated by /bench/run-one.sh for smoke-source-forst-local-q12
# ForSt backend, local primary/checkpoint storage, JDK17.
env.java.home: /opt/java/openjdk
env.java.opts.all:  --add-exports=java.rmi/sun.rmi.registry=ALL-UNNAMED --add-exports=jdk.compiler/com.sun.tools.javac.api=ALL-UNNAMED --add-exports=jdk.compiler/com.sun.tools.javac.file=ALL-UNNAMED --add-exports=jdk.compiler/com.sun.tools.javac.parser=ALL-UNNAMED --add-exports=jdk.compiler/com.sun.tools.javac.tree=ALL-UNNAMED --add-exports=jdk.compiler/com.sun.tools.javac.util=ALL-UNNAMED --add-exports=java.security.jgss/sun.security.krb5=ALL-UNNAMED --add-opens=java.base/java.lang=ALL-UNNAMED --add-opens=java.base/java.net=ALL-UNNAMED --add-opens=java.base/java.io=ALL-UNNAMED --add-opens=java.base/java.nio=ALL-UNNAMED --add-opens=java.base/sun.nio.ch=ALL-UNNAMED --add-opens=java.base/java.lang.reflect=ALL-UNNAMED --add-opens=java.base/java.text=ALL-UNNAMED --add-opens=java.base/java.time=ALL-UNNAMED --add-opens=java.base/java.util=ALL-UNNAMED --add-opens=java.base/java.util.concurrent=ALL-UNNAMED --add-opens=java.base/java.util.concurrent.atomic=ALL-UNNAMED --add-opens=java.base/java.util.concurrent.locks=ALL-UNNAMED -Djava.io.tmpdir=/bench/tmp/smoke-source-forst-local-q12/java

jobmanager:
  bind-host: localhost
  rpc:
    address: localhost
    port: 6123
  memory:
    process:
      size: 2048m
  execution:
    failover-strategy: region

taskmanager:
  bind-host: localhost
  host: localhost
  numberOfTaskSlots: 8
  memory:
    process:
      size: 32768m

parallelism:
  default: 8

state:
  backend:
    type: forst
    forst:
      primary-dir: file:///bench/state/smoke-source-forst-local-q12/primary
      cache:
        size-based-limit: 8gb
  checkpoints:
    dir: file:///bench/state/smoke-source-forst-local-q12/checkpoints

execution:
  checkpointing:
    interval: 30 s
    mode: EXACTLY_ONCE
    tolerable-failed-checkpoints: 1000

table:
  exec:
    mini-batch:
      enabled: false
    async-state:
      enabled: true
    state:
      ttl: 0 ms

rest:
  port: 8081
  bind-port: 8081
  address: localhost
  bind-address: localhost

io:
  tmp:
    dirs: /bench/tmp/smoke-source-forst-local-q12/io
=== install sql-client gateway wrapper ===
=== start measure-sql ===
bench done mode: DONE_ON_SRC=1 EXPECTED_SRC=9200 POLL_SEC=2
cluster up (tms=1) + gateway, building SQL for q12 (forst-local)...
submitting via sql-client embedded...
submitted JID=f31526441fd5701eeca5a222e4b650a1, polling JM until FINISHED...
[0 s] RUNNING dur_ms=1254 src_out=0 rate=/s
[3 s] RUNNING dur_ms=3559 src_out=0 rate=0/s
[5 s] RUNNING dur_ms=5694 src_out=0 rate=0/s
[7 s] RUNNING dur_ms=7826 src_out=0 rate=0/s
[9 s] RUNNING dur_ms=9961 src_out=0 rate=0/s
[11 s] RUNNING dur_ms=12095 src_out=0 rate=0/s
[13 s] RUNNING dur_ms=14232 src_out=9200 rate=4600/s
RESULT: q12 SOURCE_DONE wall_ms=14232 (=14.2s) src_out=9200 expected_src=9200 out_rows=9200
=== loaded native libraries ===
--- pid=2414 cmd=/opt/java/openjdk/bin/java -Xmx1530082096 -Xms1530082096 -XX:MaxMetaspaceSize=268435456 -XX:+IgnoreUnrecognizedVMOptions --add-exports=java.rmi/sun.rmi.registry=ALL-UNNAMED --add-exports=jdk.compiler/com.sun.tools.javac.
--- pid=2926 cmd=/opt/java/openjdk/bin/java -Xmx16374562570 -Xms16374562570 -XX:MaxDirectMemorySize=3435973886 -XX:MaxMetaspaceSize=268435456 -XX:+IgnoreUnrecognizedVMOptions --add-exports=java.rmi/sun.rmi.registry=ALL-UNNAMED --add-expo
7f8f45a00000-7f8f463b2000 r-xp 00000000 103:0b 92674140                  /bench/tmp/smoke-source-forst-local-q12/io/tm_localhost:34715-26b82a/tmp/rocksdb-lib-d90ab8a93e1722e23dc4f7a0166b6005/libforstjni-linux64.so
7f8f463b2000-7f8f465b2000 ---p 009b2000 103:0b 92674140                  /bench/tmp/smoke-source-forst-local-q12/io/tm_localhost:34715-26b82a/tmp/rocksdb-lib-d90ab8a93e1722e23dc4f7a0166b6005/libforstjni-linux64.so
7f8f465b2000-7f8f465f2000 r--p 009b2000 103:0b 92674140                  /bench/tmp/smoke-source-forst-local-q12/io/tm_localhost:34715-26b82a/tmp/rocksdb-lib-d90ab8a93e1722e23dc4f7a0166b6005/libforstjni-linux64.so
7f8f465f2000-7f8f465f4000 rw-p 009f2000 103:0b 92674140                  /bench/tmp/smoke-source-forst-local-q12/io/tm_localhost:34715-26b82a/tmp/rocksdb-lib-d90ab8a93e1722e23dc4f7a0166b6005/libforstjni-linux64.so
--- pid=3486 cmd=/opt/java/openjdk/bin/java -XX:+IgnoreUnrecognizedVMOptions --add-exports=java.rmi/sun.rmi.registry=ALL-UNNAMED --add-exports=jdk.compiler/com.sun.tools.javac.api=ALL-UNNAMED --add-exports=jdk.compiler/com.sun.tools.java
=== stop flink daemons ===
=== disk usage ===
188K	/bench/state/smoke-source-forst-local-q12
720K	/bench/logs/smoke-source-forst-local-q12
run_id=smoke-source-forst-local-q12 result_log=/bench/results/smoke-source-forst-local-q12.log
