=== run metadata ===
2026-06-09T14:34:44+00:00
variant=forst-local query=q4 events=10000 tps=100000 maxsec=600 run_id=smoke-forst-local-q4
image="Ubuntu 22.04.5 LTS" java=openjdk version "17.0.18" 2026-01-20
cpu_limit= mem_limit=
LD_LIBRARY_PATH=
JAVA_TOOL_OPTIONS=
=== generated flink config ===
# Generated by /bench/run-one.sh for smoke-forst-local-q4
# ForSt backend, local primary/checkpoint storage, JDK17.
env.java.home: /opt/java/openjdk
env.java.opts.all:  --add-exports=java.rmi/sun.rmi.registry=ALL-UNNAMED --add-exports=jdk.compiler/com.sun.tools.javac.api=ALL-UNNAMED --add-exports=jdk.compiler/com.sun.tools.javac.file=ALL-UNNAMED --add-exports=jdk.compiler/com.sun.tools.javac.parser=ALL-UNNAMED --add-exports=jdk.compiler/com.sun.tools.javac.tree=ALL-UNNAMED --add-exports=jdk.compiler/com.sun.tools.javac.util=ALL-UNNAMED --add-exports=java.security.jgss/sun.security.krb5=ALL-UNNAMED --add-opens=java.base/java.lang=ALL-UNNAMED --add-opens=java.base/java.net=ALL-UNNAMED --add-opens=java.base/java.io=ALL-UNNAMED --add-opens=java.base/java.nio=ALL-UNNAMED --add-opens=java.base/sun.nio.ch=ALL-UNNAMED --add-opens=java.base/java.lang.reflect=ALL-UNNAMED --add-opens=java.base/java.text=ALL-UNNAMED --add-opens=java.base/java.time=ALL-UNNAMED --add-opens=java.base/java.util=ALL-UNNAMED --add-opens=java.base/java.util.concurrent=ALL-UNNAMED --add-opens=java.base/java.util.concurrent.atomic=ALL-UNNAMED --add-opens=java.base/java.util.concurrent.locks=ALL-UNNAMED -Djava.io.tmpdir=/bench/tmp/smoke-forst-local-q4/java

jobmanager:
  bind-host: localhost
  rpc:
    address: localhost
    port: 6123
  memory:
    process:
      size: 2048m
  execution:
    failover-strategy: region

taskmanager:
  bind-host: localhost
  host: localhost
  numberOfTaskSlots: 8
  memory:
    process:
      size: 32768m

parallelism:
  default: 8

state:
  backend:
    type: forst
    forst:
      primary-dir: file:///bench/state/smoke-forst-local-q4/primary
      cache:
        size-based-limit: 8gb
  checkpoints:
    dir: file:///bench/state/smoke-forst-local-q4/checkpoints

execution:
  checkpointing:
    interval: 30 s
    mode: EXACTLY_ONCE
    tolerable-failed-checkpoints: 1000

table:
  exec:
    mini-batch:
      enabled: false
    async-state:
      enabled: true
    state:
      ttl: 0 ms

rest:
  port: 8081
  bind-port: 8081
  address: localhost
  bind-address: localhost

io:
  tmp:
    dirs: /bench/tmp/smoke-forst-local-q4/io
=== start measure-sql ===
cluster up (tms=1) + gateway, building SQL for q4 (forst-local)...
submitting via sql-client embedded...
FAILED to submit: no Job ID. Client output (masked):
WARNING: Unknown module: jdk.compiler specified to --add-exports
WARNING: Unknown module: jdk.compiler specified to --add-exports
WARNING: Unknown module: jdk.compiler specified to --add-exports
WARNING: Unknown module: jdk.compiler specified to --add-exports
WARNING: Unknown module: jdk.compiler specified to --add-exports
SLF4J: Class path contains multiple SLF4J bindings.
SLF4J: Found binding in [jar:file:/opt/flink/lib/log4j-slf4j-impl-2.24.3.jar!/org/slf4j/impl/StaticLoggerBinder.class]
SLF4J: Found binding in [jar:file:/opt/hadoop/share/hadoop/common/lib/slf4j-reload4j-1.7.36.jar!/org/slf4j/impl/StaticLoggerBinder.class]
SLF4J: Found binding in [jar:file:/opt/hadoop/share/hadoop/common/lib/logback-classic-1.2.13.jar!/org/slf4j/impl/StaticLoggerBinder.class]
SLF4J: Found binding in [jar:file:/opt/hadoop/share/hadoop/hdfs/lib/logback-classic-1.2.13.jar!/org/slf4j/impl/StaticLoggerBinder.class]
SLF4J: See http://www.slf4j.org/codes.html#multiple_bindings for an explanation.
SLF4J: Actual binding is of type [org.apache.logging.slf4j.Log4jLoggerFactory]


Exception in thread "main" org.apache.flink.table.client.SqlClientException: Failed to start the embedded sql-gateway.
	at org.apache.flink.table.client.SqlClient$EmbeddedGateway.create(SqlClient.java:264)
	at org.apache.flink.table.client.SqlClient.start(SqlClient.java:104)
	at org.apache.flink.table.client.SqlClient.startClient(SqlClient.java:218)
	at org.apache.flink.table.client.SqlClient.main(SqlClient.java:169)
	at org.apache.flink.table.gateway.SqlGateway.start(SqlGateway.java:76)
	at org.apache.flink.table.client.SqlClient$EmbeddedGateway.create(SqlClient.java:260)
	... 3 more
	at org.apache.flink.table.gateway.SqlGateway.start(SqlGateway.java:72)
	... 4 more
