=== run metadata ===
2026-06-09T14:39:06+00:00
variant=forst-local query=q4 events=10000 tps=100000 maxsec=600 run_id=smoke-forst-local-q4d
image="Ubuntu 22.04.5 LTS" java=openjdk version "17.0.18" 2026-01-20
cpu_limit= mem_limit=
=== install nexmark connector jar ===
-rw-r--r-- 1 root root 2.1M Jun  9 14:39 /opt/flink/lib/nexmark-flink-0.3-SNAPSHOT.jar
LD_LIBRARY_PATH=
JAVA_TOOL_OPTIONS=
=== generated flink config ===
# Generated by /bench/run-one.sh for smoke-forst-local-q4d
# ForSt backend, local primary/checkpoint storage, JDK17.
env.java.home: /opt/java/openjdk
env.java.opts.all:  --add-exports=java.rmi/sun.rmi.registry=ALL-UNNAMED --add-exports=jdk.compiler/com.sun.tools.javac.api=ALL-UNNAMED --add-exports=jdk.compiler/com.sun.tools.javac.file=ALL-UNNAMED --add-exports=jdk.compiler/com.sun.tools.javac.parser=ALL-UNNAMED --add-exports=jdk.compiler/com.sun.tools.javac.tree=ALL-UNNAMED --add-exports=jdk.compiler/com.sun.tools.javac.util=ALL-UNNAMED --add-exports=java.security.jgss/sun.security.krb5=ALL-UNNAMED --add-opens=java.base/java.lang=ALL-UNNAMED --add-opens=java.base/java.net=ALL-UNNAMED --add-opens=java.base/java.io=ALL-UNNAMED --add-opens=java.base/java.nio=ALL-UNNAMED --add-opens=java.base/sun.nio.ch=ALL-UNNAMED --add-opens=java.base/java.lang.reflect=ALL-UNNAMED --add-opens=java.base/java.text=ALL-UNNAMED --add-opens=java.base/java.time=ALL-UNNAMED --add-opens=java.base/java.util=ALL-UNNAMED --add-opens=java.base/java.util.concurrent=ALL-UNNAMED --add-opens=java.base/java.util.concurrent.atomic=ALL-UNNAMED --add-opens=java.base/java.util.concurrent.locks=ALL-UNNAMED -Djava.io.tmpdir=/bench/tmp/smoke-forst-local-q4d/java

jobmanager:
  bind-host: localhost
  rpc:
    address: localhost
    port: 6123
  memory:
    process:
      size: 2048m
  execution:
    failover-strategy: region

taskmanager:
  bind-host: localhost
  host: localhost
  numberOfTaskSlots: 8
  memory:
    process:
      size: 32768m

parallelism:
  default: 8

state:
  backend:
    type: forst
    forst:
      primary-dir: file:///bench/state/smoke-forst-local-q4d/primary
      cache:
        size-based-limit: 8gb
  checkpoints:
    dir: file:///bench/state/smoke-forst-local-q4d/checkpoints

execution:
  checkpointing:
    interval: 30 s
    mode: EXACTLY_ONCE
    tolerable-failed-checkpoints: 1000

table:
  exec:
    mini-batch:
      enabled: false
    async-state:
      enabled: true
    state:
      ttl: 0 ms

rest:
  port: 8081
  bind-port: 8081
  address: localhost
  bind-address: localhost

io:
  tmp:
    dirs: /bench/tmp/smoke-forst-local-q4d/io
=== install sql-client gateway wrapper ===
=== start measure-sql ===
cluster up (tms=1) + gateway, building SQL for q4 (forst-local)...
submitting via sql-client embedded...
submitted JID=59d1ac6bf0c93f0842d6c6b5e508a98a, polling JM until FINISHED...
[0 s] RUNNING dur_ms=1128 src_out=0 rate=/s
[21 s] RESTARTING dur_ms=21551 src_out=3910 rate=186/s
[41 s] RESTARTING dur_ms=41684 src_out=3141 rate=-38/s
[61 s] RESTARTING dur_ms=61820 src_out=6383 rate=162/s
[81 s] RESTARTING dur_ms=81956 src_out=8583 rate=110/s
[101 s] RESTARTING dur_ms=102089 src_out=8583 rate=0/s
[122 s] RESTARTING dur_ms=122222 src_out=9407 rate=39/s
[142 s] RESTARTING dur_ms=142351 src_out=9407 rate=0/s
[162 s] RESTARTING dur_ms=162480 src_out=9407 rate=0/s
[182 s] RESTARTING dur_ms=182610 src_out=8784 rate=-31/s
[202 s] RESTARTING dur_ms=202738 src_out=8784 rate=0/s
[222 s] RESTARTING dur_ms=222868 src_out=8784 rate=0/s
[242 s] RESTARTING dur_ms=242996 src_out=9652 rate=43/s
[262 s] RESTARTING dur_ms=263125 src_out=9652 rate=0/s
[283 s] RESTARTING dur_ms=283255 src_out=9652 rate=0/s
[303 s] RESTARTING dur_ms=303386 src_out=4653 rate=-249/s
[323 s] RESTARTING dur_ms=323518 src_out=4653 rate=0/s
[343 s] RESTARTING dur_ms=343646 src_out=4653 rate=0/s
[363 s] RESTARTING dur_ms=363801 src_out=0 rate=-232/s
[383 s] RESTARTING dur_ms=383936 src_out=0 rate=0/s
[403 s] RESTARTING dur_ms=404066 src_out=0 rate=0/s
[424 s] RESTARTING dur_ms=424195 src_out=0 rate=0/s
[444 s] RESTARTING dur_ms=444332 src_out=0 rate=0/s
[464 s] RESTARTING dur_ms=464458 src_out=0 rate=0/s
[484 s] RESTARTING dur_ms=484587 src_out=3712 rate=185/s
[504 s] RESTARTING dur_ms=504717 src_out=3712 rate=0/s
[524 s] RESTARTING dur_ms=524847 src_out=3712 rate=0/s
[544 s] RESTARTING dur_ms=544975 src_out=6018 rate=115/s
[564 s] RESTARTING dur_ms=565101 src_out=6018 rate=0/s
[585 s] RESTARTING dur_ms=585228 src_out=6018 rate=0/s
MAXSEC 600 reached, giving up
=== loaded native libraries ===
--- pid=2409 cmd=/opt/java/openjdk/bin/java -Xmx1530082096 -Xms1530082096 -XX:MaxMetaspaceSize=268435456 -XX:+IgnoreUnrecognizedVMOptions --add-exports=java.rmi/sun.rmi.registry=ALL-UNNAMED --add-exports=jdk.compiler/com.sun.tools.javac.
--- pid=2919 cmd=/opt/java/openjdk/bin/java -Xmx16374562570 -Xms16374562570 -XX:MaxDirectMemorySize=3435973886 -XX:MaxMetaspaceSize=268435456 -XX:+IgnoreUnrecognizedVMOptions --add-exports=java.rmi/sun.rmi.registry=ALL-UNNAMED --add-expo
7f341f200000-7f341fb8a000 r-xp 00000000 103:0b 31990333                  /bench/tmp/smoke-forst-local-q4d/io/tm_localhost:26507-f82518/tmp/rocksdb-lib-11290be108b7c2a973e4977bda0f83ef/libforstjni-linux64.so
7f341fb8a000-7f341fd89000 ---p 0098a000 103:0b 31990333                  /bench/tmp/smoke-forst-local-q4d/io/tm_localhost:26507-f82518/tmp/rocksdb-lib-11290be108b7c2a973e4977bda0f83ef/libforstjni-linux64.so
7f341fd89000-7f341fdc9000 r--p 00989000 103:0b 31990333                  /bench/tmp/smoke-forst-local-q4d/io/tm_localhost:26507-f82518/tmp/rocksdb-lib-11290be108b7c2a973e4977bda0f83ef/libforstjni-linux64.so
7f341fdc9000-7f341fdcb000 rw-p 009c9000 103:0b 31990333                  /bench/tmp/smoke-forst-local-q4d/io/tm_localhost:26507-f82518/tmp/rocksdb-lib-11290be108b7c2a973e4977bda0f83ef/libforstjni-linux64.so
--- pid=3486 cmd=/opt/java/openjdk/bin/java -XX:+IgnoreUnrecognizedVMOptions --add-exports=java.rmi/sun.rmi.registry=ALL-UNNAMED --add-exports=jdk.compiler/com.sun.tools.javac.api=ALL-UNNAMED --add-exports=jdk.compiler/com.sun.tools.java
=== stop flink daemons ===
=== disk usage ===
28K	/bench/state/smoke-forst-local-q4d
11M	/bench/logs/smoke-forst-local-q4d
run_id=smoke-forst-local-q4d result_log=/bench/results/smoke-forst-local-q4d.log
