=== run metadata ===
2026-06-09T15:13:36+00:00
variant=forst-local query=q7 events=10000 tps=100000 maxsec=360 run_id=smoke-forst-local-q7
image="Ubuntu 22.04.5 LTS" java=openjdk version "17.0.18" 2026-01-20
cpu_limit= mem_limit=
=== install matching community forstjni jar ===
40897016956c2768580dc2f384f13fddc20f07660a844c4d75598e4ea51b420f  /opt/flink/lib/forstjni-0.1.8.jar
=== install nexmark connector jar ===
-rw-r--r-- 1 root root 2.1M Jun  9 15:13 /opt/flink/lib/nexmark-flink-0.3-SNAPSHOT.jar
LD_LIBRARY_PATH=
JAVA_TOOL_OPTIONS=
=== generated flink config ===
# Generated by /bench/run-one.sh for smoke-forst-local-q7
# ForSt backend, local primary/checkpoint storage, JDK17.
env.java.home: /opt/java/openjdk
env.java.opts.all:  --add-exports=java.rmi/sun.rmi.registry=ALL-UNNAMED --add-exports=jdk.compiler/com.sun.tools.javac.api=ALL-UNNAMED --add-exports=jdk.compiler/com.sun.tools.javac.file=ALL-UNNAMED --add-exports=jdk.compiler/com.sun.tools.javac.parser=ALL-UNNAMED --add-exports=jdk.compiler/com.sun.tools.javac.tree=ALL-UNNAMED --add-exports=jdk.compiler/com.sun.tools.javac.util=ALL-UNNAMED --add-exports=java.security.jgss/sun.security.krb5=ALL-UNNAMED --add-opens=java.base/java.lang=ALL-UNNAMED --add-opens=java.base/java.net=ALL-UNNAMED --add-opens=java.base/java.io=ALL-UNNAMED --add-opens=java.base/java.nio=ALL-UNNAMED --add-opens=java.base/sun.nio.ch=ALL-UNNAMED --add-opens=java.base/java.lang.reflect=ALL-UNNAMED --add-opens=java.base/java.text=ALL-UNNAMED --add-opens=java.base/java.time=ALL-UNNAMED --add-opens=java.base/java.util=ALL-UNNAMED --add-opens=java.base/java.util.concurrent=ALL-UNNAMED --add-opens=java.base/java.util.concurrent.atomic=ALL-UNNAMED --add-opens=java.base/java.util.concurrent.locks=ALL-UNNAMED -Djava.io.tmpdir=/bench/tmp/smoke-forst-local-q7/java

jobmanager:
  bind-host: localhost
  rpc:
    address: localhost
    port: 6123
  memory:
    process:
      size: 2048m
  execution:
    failover-strategy: region

taskmanager:
  bind-host: localhost
  host: localhost
  numberOfTaskSlots: 8
  memory:
    process:
      size: 32768m

parallelism:
  default: 8

state:
  backend:
    type: forst
    forst:
      primary-dir: file:///bench/state/smoke-forst-local-q7/primary
      cache:
        size-based-limit: 8gb
  checkpoints:
    dir: file:///bench/state/smoke-forst-local-q7/checkpoints

execution:
  checkpointing:
    interval: 30 s
    mode: EXACTLY_ONCE
    tolerable-failed-checkpoints: 1000

table:
  exec:
    mini-batch:
      enabled: false
    async-state:
      enabled: true
    state:
      ttl: 0 ms

rest:
  port: 8081
  bind-port: 8081
  address: localhost
  bind-address: localhost

io:
  tmp:
    dirs: /bench/tmp/smoke-forst-local-q7/io
=== install sql-client gateway wrapper ===
=== start measure-sql ===
cluster up (tms=1) + gateway, building SQL for q7 (forst-local)...
submitting via sql-client embedded...
submitted JID=39d64bc506c3d3d127fede2e396e7977, polling JM until FINISHED...
[0 s] RUNNING dur_ms=1152 src_out=0 rate=/s
[21 s] RUNNING dur_ms=21500 src_out=0 rate=0/s
[41 s] RUNNING dur_ms=41639 src_out=9208 rate=460/s
[61 s] RUNNING dur_ms=61781 src_out=9208 rate=0/s
[81 s] RUNNING dur_ms=81917 src_out=9208 rate=0/s
[101 s] RUNNING dur_ms=102051 src_out=9208 rate=0/s
[121 s] RUNNING dur_ms=122185 src_out=9208 rate=0/s
[141 s] RUNNING dur_ms=142316 src_out=9208 rate=0/s
[161 s] RUNNING dur_ms=162448 src_out=9208 rate=0/s
[182 s] RUNNING dur_ms=182579 src_out=9208 rate=0/s
[202 s] RUNNING dur_ms=202708 src_out=9208 rate=0/s
[222 s] RUNNING dur_ms=222837 src_out=9208 rate=0/s
[242 s] RUNNING dur_ms=242968 src_out=9208 rate=0/s
[262 s] RUNNING dur_ms=263097 src_out=9208 rate=0/s
[282 s] RUNNING dur_ms=283224 src_out=9208 rate=0/s
[302 s] RUNNING dur_ms=303355 src_out=9208 rate=0/s
[323 s] RUNNING dur_ms=323481 src_out=9208 rate=0/s
[343 s] RUNNING dur_ms=343610 src_out=9208 rate=0/s
MAXSEC 360 reached, giving up
=== loaded native libraries ===
--- pid=2413 cmd=/opt/java/openjdk/bin/java -Xmx1530082096 -Xms1530082096 -XX:MaxMetaspaceSize=268435456 -XX:+IgnoreUnrecognizedVMOptions --add-exports=java.rmi/sun.rmi.registry=ALL-UNNAMED --add-exports=jdk.compiler/com.sun.tools.javac.
--- pid=2925 cmd=/opt/java/openjdk/bin/java -Xmx16374562570 -Xms16374562570 -XX:MaxDirectMemorySize=3435973886 -XX:MaxMetaspaceSize=268435456 -XX:+IgnoreUnrecognizedVMOptions --add-exports=java.rmi/sun.rmi.registry=ALL-UNNAMED --add-expo
7fa3ed600000-7fa3edfb2000 r-xp 00000000 103:0b 94247019                  /bench/tmp/smoke-forst-local-q7/io/tm_localhost:30831-dae651/tmp/rocksdb-lib-9a6a2d99a745a06949b1ca10da3fdd44/libforstjni-linux64.so
7fa3edfb2000-7fa3ee1b2000 ---p 009b2000 103:0b 94247019                  /bench/tmp/smoke-forst-local-q7/io/tm_localhost:30831-dae651/tmp/rocksdb-lib-9a6a2d99a745a06949b1ca10da3fdd44/libforstjni-linux64.so
7fa3ee1b2000-7fa3ee1f2000 r--p 009b2000 103:0b 94247019                  /bench/tmp/smoke-forst-local-q7/io/tm_localhost:30831-dae651/tmp/rocksdb-lib-9a6a2d99a745a06949b1ca10da3fdd44/libforstjni-linux64.so
7fa3ee1f2000-7fa3ee1f4000 rw-p 009f2000 103:0b 94247019                  /bench/tmp/smoke-forst-local-q7/io/tm_localhost:30831-dae651/tmp/rocksdb-lib-9a6a2d99a745a06949b1ca10da3fdd44/libforstjni-linux64.so
--- pid=3481 cmd=/opt/java/openjdk/bin/java -XX:+IgnoreUnrecognizedVMOptions --add-exports=java.rmi/sun.rmi.registry=ALL-UNNAMED --add-exports=jdk.compiler/com.sun.tools.javac.api=ALL-UNNAMED --add-exports=jdk.compiler/com.sun.tools.java
=== stop flink daemons ===
=== disk usage ===
1.2M	/bench/state/smoke-forst-local-q7
1.5M	/bench/logs/smoke-forst-local-q7
run_id=smoke-forst-local-q7 result_log=/bench/results/smoke-forst-local-q7.log
