=== run metadata ===
2026-06-09T14:53:21+00:00
variant=forst-local query=q4 events=10000 tps=100000 maxsec=600 run_id=smoke-forst-local-q4e
image="Ubuntu 22.04.5 LTS" java=openjdk version "17.0.18" 2026-01-20
cpu_limit= mem_limit=
=== install matching community forstjni jar ===
40897016956c2768580dc2f384f13fddc20f07660a844c4d75598e4ea51b420f  /opt/flink/lib/forstjni-0.1.8.jar
=== install nexmark connector jar ===
-rw-r--r-- 1 root root 2.1M Jun  9 14:53 /opt/flink/lib/nexmark-flink-0.3-SNAPSHOT.jar
LD_LIBRARY_PATH=
JAVA_TOOL_OPTIONS=
=== generated flink config ===
# Generated by /bench/run-one.sh for smoke-forst-local-q4e
# ForSt backend, local primary/checkpoint storage, JDK17.
env.java.home: /opt/java/openjdk
env.java.opts.all:  --add-exports=java.rmi/sun.rmi.registry=ALL-UNNAMED --add-exports=jdk.compiler/com.sun.tools.javac.api=ALL-UNNAMED --add-exports=jdk.compiler/com.sun.tools.javac.file=ALL-UNNAMED --add-exports=jdk.compiler/com.sun.tools.javac.parser=ALL-UNNAMED --add-exports=jdk.compiler/com.sun.tools.javac.tree=ALL-UNNAMED --add-exports=jdk.compiler/com.sun.tools.javac.util=ALL-UNNAMED --add-exports=java.security.jgss/sun.security.krb5=ALL-UNNAMED --add-opens=java.base/java.lang=ALL-UNNAMED --add-opens=java.base/java.net=ALL-UNNAMED --add-opens=java.base/java.io=ALL-UNNAMED --add-opens=java.base/java.nio=ALL-UNNAMED --add-opens=java.base/sun.nio.ch=ALL-UNNAMED --add-opens=java.base/java.lang.reflect=ALL-UNNAMED --add-opens=java.base/java.text=ALL-UNNAMED --add-opens=java.base/java.time=ALL-UNNAMED --add-opens=java.base/java.util=ALL-UNNAMED --add-opens=java.base/java.util.concurrent=ALL-UNNAMED --add-opens=java.base/java.util.concurrent.atomic=ALL-UNNAMED --add-opens=java.base/java.util.concurrent.locks=ALL-UNNAMED -Djava.io.tmpdir=/bench/tmp/smoke-forst-local-q4e/java

jobmanager:
  bind-host: localhost
  rpc:
    address: localhost
    port: 6123
  memory:
    process:
      size: 2048m
  execution:
    failover-strategy: region

taskmanager:
  bind-host: localhost
  host: localhost
  numberOfTaskSlots: 8
  memory:
    process:
      size: 32768m

parallelism:
  default: 8

state:
  backend:
    type: forst
    forst:
      primary-dir: file:///bench/state/smoke-forst-local-q4e/primary
      cache:
        size-based-limit: 8gb
  checkpoints:
    dir: file:///bench/state/smoke-forst-local-q4e/checkpoints

execution:
  checkpointing:
    interval: 30 s
    mode: EXACTLY_ONCE
    tolerable-failed-checkpoints: 1000

table:
  exec:
    mini-batch:
      enabled: false
    async-state:
      enabled: true
    state:
      ttl: 0 ms

rest:
  port: 8081
  bind-port: 8081
  address: localhost
  bind-address: localhost

io:
  tmp:
    dirs: /bench/tmp/smoke-forst-local-q4e/io
=== install sql-client gateway wrapper ===
=== start measure-sql ===
cluster up (tms=1) + gateway, building SQL for q4 (forst-local)...
submitting via sql-client embedded...
submitted JID=c659f54752d7d9548d06902209684d13, polling JM until FINISHED...
[0 s] RUNNING dur_ms=1199 src_out=0 rate=/s
[21 s] RUNNING dur_ms=21640 src_out=0 rate=0/s
[41 s] RUNNING dur_ms=41778 src_out=9800 rate=490/s
[61 s] RUNNING dur_ms=61918 src_out=9800 rate=0/s
[81 s] RUNNING dur_ms=82064 src_out=9800 rate=0/s
[101 s] RUNNING dur_ms=102202 src_out=9800 rate=0/s
[121 s] RUNNING dur_ms=122339 src_out=9800 rate=0/s
[142 s] RUNNING dur_ms=142473 src_out=9800 rate=0/s
[162 s] RUNNING dur_ms=162606 src_out=9800 rate=0/s
[182 s] RUNNING dur_ms=182741 src_out=9800 rate=0/s
[202 s] RUNNING dur_ms=202871 src_out=9800 rate=0/s
[222 s] RUNNING dur_ms=223002 src_out=9800 rate=0/s
[242 s] RUNNING dur_ms=243133 src_out=9800 rate=0/s
[262 s] RUNNING dur_ms=263264 src_out=9800 rate=0/s
[282 s] RUNNING dur_ms=283397 src_out=9800 rate=0/s
[303 s] RUNNING dur_ms=303531 src_out=9800 rate=0/s
[323 s] RUNNING dur_ms=323670 src_out=9800 rate=0/s
[343 s] RUNNING dur_ms=343803 src_out=9800 rate=0/s
[363 s] RUNNING dur_ms=363936 src_out=9800 rate=0/s
[383 s] RUNNING dur_ms=384068 src_out=9800 rate=0/s
[403 s] RUNNING dur_ms=404200 src_out=9800 rate=0/s
[423 s] RUNNING dur_ms=424329 src_out=9800 rate=0/s
[444 s] RUNNING dur_ms=444458 src_out=9800 rate=0/s
[464 s] RUNNING dur_ms=464588 src_out=9800 rate=0/s
[484 s] RUNNING dur_ms=484720 src_out=9800 rate=0/s
[504 s] RUNNING dur_ms=504848 src_out=9800 rate=0/s
[524 s] RUNNING dur_ms=524978 src_out=9800 rate=0/s
[544 s] RUNNING dur_ms=545111 src_out=9800 rate=0/s
[564 s] RUNNING dur_ms=565242 src_out=9800 rate=0/s
[584 s] RUNNING dur_ms=585373 src_out=9800 rate=0/s
MAXSEC 600 reached, giving up
=== loaded native libraries ===
--- pid=2415 cmd=/opt/java/openjdk/bin/java -Xmx1530082096 -Xms1530082096 -XX:MaxMetaspaceSize=268435456 -XX:+IgnoreUnrecognizedVMOptions --add-exports=java.rmi/sun.rmi.registry=ALL-UNNAMED --add-exports=jdk.compiler/com.sun.tools.javac.
--- pid=2926 cmd=/opt/java/openjdk/bin/java -Xmx16374562570 -Xms16374562570 -XX:MaxDirectMemorySize=3435973886 -XX:MaxMetaspaceSize=268435456 -XX:+IgnoreUnrecognizedVMOptions --add-exports=java.rmi/sun.rmi.registry=ALL-UNNAMED --add-expo
7f61bf200000-7f61bfbb2000 r-xp 00000000 103:0b 41978563                  /bench/tmp/smoke-forst-local-q4e/io/tm_localhost:23173-9d55a6/tmp/rocksdb-lib-959dee6390607d1c24d5336f47b4d5f1/libforstjni-linux64.so
7f61bfbb2000-7f61bfdb2000 ---p 009b2000 103:0b 41978563                  /bench/tmp/smoke-forst-local-q4e/io/tm_localhost:23173-9d55a6/tmp/rocksdb-lib-959dee6390607d1c24d5336f47b4d5f1/libforstjni-linux64.so
7f61bfdb2000-7f61bfdf2000 r--p 009b2000 103:0b 41978563                  /bench/tmp/smoke-forst-local-q4e/io/tm_localhost:23173-9d55a6/tmp/rocksdb-lib-959dee6390607d1c24d5336f47b4d5f1/libforstjni-linux64.so
7f61bfdf2000-7f61bfdf4000 rw-p 009f2000 103:0b 41978563                  /bench/tmp/smoke-forst-local-q4e/io/tm_localhost:23173-9d55a6/tmp/rocksdb-lib-959dee6390607d1c24d5336f47b4d5f1/libforstjni-linux64.so
--- pid=3482 cmd=/opt/java/openjdk/bin/java -XX:+IgnoreUnrecognizedVMOptions --add-exports=java.rmi/sun.rmi.registry=ALL-UNNAMED --add-exports=jdk.compiler/com.sun.tools.javac.api=ALL-UNNAMED --add-exports=jdk.compiler/com.sun.tools.java
=== stop flink daemons ===
=== disk usage ===
728K	/bench/state/smoke-forst-local-q4e
4.4M	/bench/logs/smoke-forst-local-q4e
run_id=smoke-forst-local-q4e result_log=/bench/results/smoke-forst-local-q4e.log
