=== run metadata ===
2026-06-09T15:20:46+00:00
variant=forst-local query=q12 events=10000 tps=100000 maxsec=360 run_id=smoke-forst-local-q12
image="Ubuntu 22.04.5 LTS" java=openjdk version "17.0.18" 2026-01-20
cpu_limit= mem_limit=
=== install matching community forstjni jar ===
40897016956c2768580dc2f384f13fddc20f07660a844c4d75598e4ea51b420f  /opt/flink/lib/forstjni-0.1.8.jar
=== install nexmark connector jar ===
-rw-r--r-- 1 root root 2.1M Jun  9 15:20 /opt/flink/lib/nexmark-flink-0.3-SNAPSHOT.jar
LD_LIBRARY_PATH=
JAVA_TOOL_OPTIONS=
=== generated flink config ===
# Generated by /bench/run-one.sh for smoke-forst-local-q12
# ForSt backend, local primary/checkpoint storage, JDK17.
env.java.home: /opt/java/openjdk
env.java.opts.all:  --add-exports=java.rmi/sun.rmi.registry=ALL-UNNAMED --add-exports=jdk.compiler/com.sun.tools.javac.api=ALL-UNNAMED --add-exports=jdk.compiler/com.sun.tools.javac.file=ALL-UNNAMED --add-exports=jdk.compiler/com.sun.tools.javac.parser=ALL-UNNAMED --add-exports=jdk.compiler/com.sun.tools.javac.tree=ALL-UNNAMED --add-exports=jdk.compiler/com.sun.tools.javac.util=ALL-UNNAMED --add-exports=java.security.jgss/sun.security.krb5=ALL-UNNAMED --add-opens=java.base/java.lang=ALL-UNNAMED --add-opens=java.base/java.net=ALL-UNNAMED --add-opens=java.base/java.io=ALL-UNNAMED --add-opens=java.base/java.nio=ALL-UNNAMED --add-opens=java.base/sun.nio.ch=ALL-UNNAMED --add-opens=java.base/java.lang.reflect=ALL-UNNAMED --add-opens=java.base/java.text=ALL-UNNAMED --add-opens=java.base/java.time=ALL-UNNAMED --add-opens=java.base/java.util=ALL-UNNAMED --add-opens=java.base/java.util.concurrent=ALL-UNNAMED --add-opens=java.base/java.util.concurrent.atomic=ALL-UNNAMED --add-opens=java.base/java.util.concurrent.locks=ALL-UNNAMED -Djava.io.tmpdir=/bench/tmp/smoke-forst-local-q12/java

jobmanager:
  bind-host: localhost
  rpc:
    address: localhost
    port: 6123
  memory:
    process:
      size: 2048m
  execution:
    failover-strategy: region

taskmanager:
  bind-host: localhost
  host: localhost
  numberOfTaskSlots: 8
  memory:
    process:
      size: 32768m

parallelism:
  default: 8

state:
  backend:
    type: forst
    forst:
      primary-dir: file:///bench/state/smoke-forst-local-q12/primary
      cache:
        size-based-limit: 8gb
  checkpoints:
    dir: file:///bench/state/smoke-forst-local-q12/checkpoints

execution:
  checkpointing:
    interval: 30 s
    mode: EXACTLY_ONCE
    tolerable-failed-checkpoints: 1000

table:
  exec:
    mini-batch:
      enabled: false
    async-state:
      enabled: true
    state:
      ttl: 0 ms

rest:
  port: 8081
  bind-port: 8081
  address: localhost
  bind-address: localhost

io:
  tmp:
    dirs: /bench/tmp/smoke-forst-local-q12/io
=== install sql-client gateway wrapper ===
=== start measure-sql ===
cluster up (tms=1) + gateway, building SQL for q12 (forst-local)...
submitting via sql-client embedded...
submitted JID=e83b7286925966e2a0e1343337ecd57f, polling JM until FINISHED...
[0 s] RUNNING dur_ms=1243 src_out=0 rate=/s
[21 s] RUNNING dur_ms=21517 src_out=0 rate=0/s
[41 s] RUNNING dur_ms=41653 src_out=9200 rate=460/s
[61 s] RUNNING dur_ms=61789 src_out=9200 rate=0/s
[81 s] RUNNING dur_ms=81926 src_out=9200 rate=0/s
[101 s] RUNNING dur_ms=102061 src_out=9200 rate=0/s
[121 s] RUNNING dur_ms=122197 src_out=9200 rate=0/s
[142 s] RUNNING dur_ms=142330 src_out=9200 rate=0/s
[162 s] RUNNING dur_ms=162464 src_out=9200 rate=0/s
